ESP-ROM:esp32c6-20220919
Build:Sep 19 2022
rst:0x1 (POWERON),boot:0xc (SPI_FAST_FLASH_BOOT)
SPIWP:0xee
mode:DIO, clock div:2
load:0x4086c410,len:0xe58
load:0x4086e610,len:0x2e20
load:0x40875720,len:0x1804
entry 0x4086c410
I (23) boot: ESP-IDF 5.2.1 2nd stage bootloader
I (24) boot: compile time May  3 2024 11:41:54
I (24) boot: chip revision: v0.0
I (26) boot.esp32c6: SPI Speed      : 80MHz
I (31) boot.esp32c6: SPI Mode       : DIO
I (36) boot.esp32c6: SPI Flash Size : 8MB
I (41) boot: Enabling RNG early entropy source...
I (46) boot: Partition Table:
I (50) boot: ## Label            Usage          Type ST Offset   Length
I (57) boot:  0 otadata          OTA data         01 00 00009000 00002000
I (64) boot:  1 phy_init         RF data          01 01 0000b000 00001000
I (72) boot:  2 app0             OTA app          00 10 00010000 001b0000
I (79) boot:  3 app1             OTA app          00 11 001c0000 001b0000
I (87) boot:  4 nvs              WiFi data        01 02 00370000 0006d000
I (94) boot:  5 zb_storage       Unknown data     01 81 003dd000 00004000
I (102) boot:  6 zb_fct           Unknown data     01 81 003e1000 00000400
I (109) boot: End of partition table
I (114) esp_image: segment 0: paddr=00010020 vaddr=42020020 size=0a470h ( 42096) map
I (131) esp_image: segment 1: paddr=0001a498 vaddr=40800000 size=05b80h ( 23424) load
I (137) esp_image: segment 2: paddr=00020020 vaddr=42000020 size=15a2ch ( 88620) map
I (157) esp_image: segment 3: paddr=00035a54 vaddr=40805b80 size=04c88h ( 19592) load
I (163) esp_image: segment 4: paddr=0003a6e4 vaddr=4080a810 size=01184h (  4484) load
I (167) boot: Loaded app from partition at offset 0x10000
I (169) boot: Disabling RNG early entropy source...
I (186) cpu_start: Unicore app
W (196) clk: esp_perip_clk_init() has not been implemented yet
I (202) cpu_start: Pro cpu start user code
I (203) cpu_start: cpu freq: 160000000 Hz
I (203) cpu_start: Application information:
I (205) cpu_start: Project name:     test-comp
I (211) cpu_start: App version:      2024.4.2
I (216) cpu_start: Compile time:     May  3 2024 11:40:30
I (222) cpu_start: ELF file SHA256:  0f53f6517...
I (227) cpu_start: ESP-IDF:          5.2.1
I (232) cpu_start: Min chip rev:     v0.0
I (236) cpu_start: Max chip rev:     v0.99 
I (241) cpu_start: Chip rev:         v0.0
I (246) heap_init: Initializing. RAM available for dynamic allocation:
I (253) heap_init: At 4080C9F0 len 0006FC20 (447 KiB): RAM
I (259) heap_init: At 4087C610 len 00002F54 (11 KiB): RAM
I (265) heap_init: At 50000000 len 00003FE8 (15 KiB): RTCRAM
I (273) spi_flash: detected chip: generic
I (277) spi_flash: flash io: dio
I (281) sleep: Configure to isolate all GPIO pins in sleep state
I (287) sleep: Enable automatic switching of GPIO sleep configuration
I (294) coexist: coex firmware version: 77cd7f8
I (300) coexist: coexist rom version 5b8dcfa
I (305) main_task: Started on CPU0
I (308) main_task: Calling app_main()
