[0;32mI (114) esp_image: segment 0: paddr=00010020 vaddr=42020020 size=0a470h ( 42096) map[0m
[0;32mI (131) esp_image: segment 1: paddr=0001a498 vaddr=40800000 size=05b80h ( 23424) load[0m
[0;32mI (137) esp_image: segment 2: paddr=00020020 vaddr=42000020 size=15a2ch ( 88620) map[0m
[0;32mI (157) esp_image: segment 3: paddr=00035a54 vaddr=40805b80 size=04c88h ( 19592) load[0m
[0;32mI (163) esp_image: segment 4: paddr=0003a6e4 vaddr=4080a810 size=01184h (  4484) load[0m
[0;32mI (167) boot: Loaded app from partition at offset 0x10000[0m
[0;32mI (169) boot: Disabling RNG early entropy source...[0m
[0;32mI (186) cpu_start: Unicore app[0m
[0;33mW (196) clk: esp_perip_clk_init() has not been implemented yet[0m
[0;32mI (202) cpu_start: Pro cpu start user code[0m
[0;32mI (203) cpu_start: cpu freq: 160000000 Hz[0m
[0;32mI (203) cpu_start: Application information:[0m
[0;32mI (205) cpu_start: Project name:     test-comp[0m
[0;32mI (211) cpu_start: App version:      2024.4.2[0m
[0;32mI (216) cpu_start: Compile time:     May  3 2024 11:40:30[0m
[0;32mI (222) cpu_start: ELF file SHA256:  0f53f6517...[0m
[0;32mI (227) cpu_start: ESP-IDF:          5.2.1[0m
[0;32mI (232) cpu_start: Min chip rev:     v0.0[0m
[0;32mI (237) cpu_start: Max chip rev:     v0.99 [0m
[0;32mI (241) cpu_start: Chip rev:         v0.0[0m
[0;32mI (246) heap_init: Initializing. RAM available for dynamic allocation:[0m
[0;32mI (253) heap_init: At 4080C9F0 len 0006FC20 (447 KiB): RAM[0m
[0;32mI (259) heap_init: At 4087C610 len 00002F54 (11 KiB): RAM[0m
[0;32mI (266) heap_init: At 50000000 len 00003FE8 (15 KiB): RTCRAM[0m
[0;32mI (273) spi_flash: detected chip: generic[0m
[0;32mI (277) spi_flash: flash io: dio[0m
[0;32mI (281) sleep: Configure to isolate all GPIO pins in sleep state[0m
[0;32mI (287) sleep: Enable automatic switching of GPIO sleep configuration[0m
[0;32mI (294) coexist: coex firmware version: 77cd7f8[0m
[0;32mI (300) coexist: coexist rom version 5b8dcfa[0m
[0;32mI (305) main_task: Started on CPU0[0m
[0;32mI (308) main_task: Calling app_main()[0m
[0;32m[I][esp-idf:000]: [0;32mI (414) main_task: Returned from app_main()[0m
[0m
[0;32m[I][logger:156]: Log initialized[0m
[0;33m[W][app:022]: Component custom_component already registered! (0x40815c58)[0m
[0;32m[I][app:029]: Running through setup()...[0m
[0;32m[I][test_comp:008]: *** setup()[0m
[0;32m[I][app:062]: setup() finished successfully![0m
[0;32m[I][app:100]: ESPHome version 2024.4.2 compiled on May  3 2024, 11:40:09[0m
